// Jest Snapshot v1, https://goo.gl/fbAQLP

exports[`AthleteSelection renders the UI as expected 1`] = `
<div
  className="assignment-type"
>
  <label
    htmlFor="athlete-selector"
  >
    Select Athlete For Assignment
  </label>
  <select
    className="athlete-selector"
    id="athlete-selector"
    onChange={[Function]}
  >
    <option>
      SELECT ATHLETE
    </option>
  </select>
  OR
  <div
    className="assignment-type-toggle"
    onClick={[Function]}
  >
    +ADD NEW ATHLETE
  </div>
</div>
`;
