// Jest Snapshot v1, https://goo.gl/fbAQLP

exports[`RangeDateSelector renders the UI as expected 1`] = `
<div
  className="range-date-selector"
>
  <div
    className="date-selector"
  >
    <select
      className="month-selector"
      onChange={[Function]}
    >
      <option>
        MONTH
      </option>
      <option>
        January
      </option>
      <option>
        February
      </option>
      <option>
        March
      </option>
      <option>
        April
      </option>
      <option>
        May
      </option>
      <option>
        June
      </option>
      <option>
        July
      </option>
      <option>
        August
      </option>
      <option>
        September
      </option>
      <option>
        October
      </option>
      <option>
        November
      </option>
      <option>
        December
      </option>
    </select>
    <select
      className="day-selector"
      onChange={[Function]}
    />
    <select
      className="year-selector"
      onChange={[Function]}
    >
      <option>
        2020
      </option>
      <option>
        2021
      </option>
    </select>
  </div>
  <div
    className="range-date-divider"
  >
    THRU
  </div>
  <div
    className="date-selector"
  >
    <select
      className="month-selector"
      onChange={[Function]}
    >
      <option>
        MONTH
      </option>
      <option>
        January
      </option>
      <option>
        February
      </option>
      <option>
        March
      </option>
      <option>
        April
      </option>
      <option>
        May
      </option>
      <option>
        June
      </option>
      <option>
        July
      </option>
      <option>
        August
      </option>
      <option>
        September
      </option>
      <option>
        October
      </option>
      <option>
        November
      </option>
      <option>
        December
      </option>
    </select>
    <select
      className="day-selector"
      onChange={[Function]}
    />
    <select
      className="year-selector"
      onChange={[Function]}
    >
      <option>
        2020
      </option>
      <option>
        2021
      </option>
    </select>
  </div>
</div>
`;
