// Jest Snapshot v1, https://goo.gl/fbAQLP

exports[`RecurringDateSelector renders the UI as expected 1`] = `
Array [
  <div
    className="range-date-divider"
  >
    RECURRING EVERY:
  </div>,
  <div
    className="recurrence-selector"
  >
    <label
      htmlFor="recurrence-selector"
    >
      Select Recurrence
    </label>
    <select
      className="recurrence-selector"
      id="recurrence-selector"
      onChange={[Function]}
    >
      <option
        value="0"
      >
        SELECT RECURRANCE
      </option>
      <option
        value="1"
      >
        DAY
      </option>
      <option
        value="2"
      >
        SECOND DAY
      </option>
      <option
        value="3"
      >
        THIRD DAY
      </option>
      <option
        value="7"
      >
        WEEK
      </option>
    </select>
  </div>,
  <div
    className="range-date-divider"
  >
    STARTING
  </div>,
  <div
    className="range-date-selector"
  >
    <div
      className="date-selector"
    >
      <label
        htmlFor="start-month-selector"
      >
        Select Start Month
      </label>
      <select
        className="month-selector"
        id="start-month-selector"
        onChange={[Function]}
      >
        <option>
          MONTH
        </option>
        <option>
          January
        </option>
        <option>
          February
        </option>
        <option>
          March
        </option>
        <option>
          April
        </option>
        <option>
          May
        </option>
        <option>
          June
        </option>
        <option>
          July
        </option>
        <option>
          August
        </option>
        <option>
          September
        </option>
        <option>
          October
        </option>
        <option>
          November
        </option>
        <option>
          December
        </option>
      </select>
      <label
        htmlFor="start-day-selector"
      >
        Select Start Day
      </label>
      <select
        className="day-selector"
        id="start-day-selector"
        onChange={[Function]}
      />
      <label
        htmlFor="start-year-selector"
      >
        Select Start Year
      </label>
      <select
        className="year-selector"
        id="start-year-selector"
        onChange={[Function]}
      >
        <option>
          SELECT YEAR
        </option>
        <option>
          2020
        </option>
        <option>
          2021
        </option>
      </select>
    </div>
    <div
      className="range-date-divider"
    >
      THRU
    </div>
    <div
      className="date-selector"
    >
      <label
        htmlFor="end-month-selector"
      >
        Select End Month
      </label>
      <select
        className="month-selector"
        id="end-month-selector"
        onChange={[Function]}
      >
        <option>
          MONTH
        </option>
        <option>
          January
        </option>
        <option>
          February
        </option>
        <option>
          March
        </option>
        <option>
          April
        </option>
        <option>
          May
        </option>
        <option>
          June
        </option>
        <option>
          July
        </option>
        <option>
          August
        </option>
        <option>
          September
        </option>
        <option>
          October
        </option>
        <option>
          November
        </option>
        <option>
          December
        </option>
      </select>
      <label
        htmlFor="end-day-selector"
      >
        Select End Day
      </label>
      <select
        className="day-selector"
        id="end-day-selector"
        onChange={[Function]}
      />
      <label
        htmlFor="end-year-selector"
      >
        Select End Year
      </label>
      <select
        className="year-selector"
        id="end-year-selector"
        onChange={[Function]}
      >
        <option>
          SELECT YEAR
        </option>
        <option>
          2020
        </option>
        <option>
          2021
        </option>
      </select>
    </div>
  </div>,
]
`;
