// Jest Snapshot v1, https://goo.gl/fbAQLP

exports[`Set component renders the UI as expected 1`] = `
<div
  className="set"
>
  <div
    className="exercise-summary"
  >
    <div
      className="set-number"
    >
      <input
        className="set-number-input"
        onChange={[Function]}
        type="number"
      />
    </div>
    <div
      className="set-spec"
    >
      <b />
       
       No rep type selected
    </div>
  </div>
  <div
    className="set-edit-buttons"
  >
    <button
      className="move-set-button"
      onClick={[Function]}
    >
      UP
    </button>
    <button
      className="move-set-button"
      onClick={[Function]}
    >
      DOWN
    </button>
    <button
      className="delete-set-button"
      onClick={[Function]}
    >
      DELETE
    </button>
  </div>
</div>
`;
