// Jest Snapshot v1, https://goo.gl/fbAQLP

exports[`WorkoutSelection renders the UI as expected 1`] = `
<div
  className="select-workout-type"
>
  <select
    className="workout-selector"
    onChange={[Function]}
  >
    <option>
      SELECT WORKOUT
    </option>
  </select>
  OR
  <div
    className="select-workout-type-toggle"
    onClick={[Function]}
  >
    +ADD NEW WORKOUT
  </div>
</div>
`;
